// Jest Snapshot v1, https://goo.gl/fbAQLP

exports[`Flight Card Snapshot renders correctly 1`] = `
<section
  className="app-main-flightCard"
>
  <div
    className="app-main-col app-main-flightCard-icon app-main-flightCard-icon-plane"
  />
  <h6
    className="app-main-col app-main-flightCard-icon-title"
  >
    SAS
  </h6>
  <div
    className="app-main-col app-main-flightCard-icon app-main-flightCard-icon-ticket"
  />
  <h6
    className="app-main-col app-main-flightCard-icon-title"
  >
    Economy
  </h6>
  <div
    className="app-main-flightCard-hr"
  />
  <div
    className="app-main-flightCard-segment"
  >
    <div
      className="app-main-col app-main-col_1 app-main-flightCard-legRow"
    >
      <div
        className="app-main-col"
      >
        <h5
          className="app-main-col app-main-flightCard-airportCode"
        >
          CPH
        </h5>
        <h5
          className="app-main-col app-main-flightCard-time"
        >
          04:00
        </h5>
        <br />
        <h6
          className="app-main-col app-main-flightCard-airport"
        >
          Copenhagen Airport
        </h6>
      </div>
      <div
        className="app-main-col"
      >
        <p
          className="app-main-flightCard-leg-time"
        >
          12h 0m
        </p>
        <div
          className="app-main-flightCard-leg"
        />
        <p
          className="app-main-flightCard-leg-type"
        >
          Direct
        </p>
      </div>
      <div
        className="app-main-col"
      >
        <h5
          className="app-main-col app-main-flightCard-time"
        >
          16:00
        </h5>
         
        <h5
          className="app-main-col app-main-flightCard-airportCode"
        >
          JFK
        </h5>
        <br />
        <h6
          className="app-main-col app-main-flightCard-airport"
        >
          New York City John F Kennedy
        </h6>
      </div>
    </div>
    <div
      className="app-main-col app-main-col_1 app-main-flightCard-legRow"
    >
      <div
        className="app-main-col"
      >
        <h5
          className="app-main-col app-main-flightCard-airportCode"
        >
          JFK
        </h5>
        <h5
          className="app-main-col app-main-flightCard-time"
        >
          04:00
        </h5>
        <br />
        <h6
          className="app-main-col app-main-flightCard-airport"
        >
          New York City John F Kennedy
        </h6>
      </div>
      <div
        className="app-main-col"
      >
        <p
          className="app-main-flightCard-leg-time"
        >
          12h 0m
        </p>
        <div
          className="app-main-flightCard-leg"
        />
        <p
          className="app-main-flightCard-leg-type"
        >
          Direct
        </p>
      </div>
      <div
        className="app-main-col"
      >
        <h5
          className="app-main-col app-main-flightCard-time"
        >
          16:00
        </h5>
         
        <h5
          className="app-main-col app-main-flightCard-airportCode"
        >
          CPH
        </h5>
        <br />
        <h6
          className="app-main-col app-main-flightCard-airport"
        >
          Copenhagen Airport
        </h6>
      </div>
    </div>
  </div>
  <div
    className="app-main-flightCard-pass"
  >
    <h3
      className="app-main-flightCard-pass-price"
    >
      1234.12 DKK
    </h3>
    <p
      className="app-main-flightCard-pass-p"
    >
      Flight
    </p>
    <button
      aria-label={null}
      className="w-100 mt-5 app-main-flightCard-pass-btn btn btn-secondary"
      onClick={[Function]}
    >
      Book
    </button>
  </div>
</section>
`;
